// Jest Snapshot v1, https://goo.gl/fbAQLP

exports[`<CostsEntryScreen /> matches the snapshot 1`] = `
<ScrollViewMock
  keyboardShouldPersistTaps="handled"
  style={
    Object {
      "backgroundColor": "#ffffff",
    }
  }
>
  <Styled(View)>
    <Formik
      initialValues={
        Object {
          "amount": "",
          "amountKind": "Net",
          "currency": "",
          "purchaseDate": 2021-01-01T00:00:00.000Z,
          "vatRate": "",
        }
      }
      onSubmit={[Function]}
      validationSchema={
        ObjectSchema {
          "_blacklist": RefSet {
            "list": Set {},
            "refs": Map {},
          },
          "_conditions": Array [],
          "_defaultDefault": [Function],
          "_deps": Array [],
          "_excludedEdges": Array [],
          "_exclusive": Object {},
          "_mutate": undefined,
          "_nodes": Array [
            "purchaseDate",
            "vatRate",
            "currency",
            "amountKind",
            "amount",
          ],
          "_options": Object {
            "abortEarly": true,
            "recursive": true,
          },
          "_type": "object",
          "_typeError": [Function],
          "_whitelist": RefSet {
            "list": Set {},
            "refs": Map {},
          },
          "fields": Object {
            "amount": StringSchema {
              "_blacklist": RefSet {
                "list": Set {},
                "refs": Map {},
              },
              "_conditions": Array [],
              "_deps": Array [],
              "_exclusive": Object {
                "required": true,
              },
              "_mutate": undefined,
              "_options": Object {
                "abortEarly": true,
                "recursive": true,
              },
              "_type": "string",
              "_typeError": [Function],
              "_whitelist": RefSet {
                "list": Set {},
                "refs": Map {},
              },
              "tests": Array [
                [Function],
              ],
              "transforms": Array [
                [Function],
              ],
              "type": "string",
            },
            "amountKind": StringSchema {
              "_blacklist": RefSet {
                "list": Set {},
                "refs": Map {},
              },
              "_conditions": Array [],
              "_deps": Array [],
              "_exclusive": Object {
                "required": true,
              },
              "_mutate": undefined,
              "_options": Object {
                "abortEarly": true,
                "recursive": true,
              },
              "_type": "string",
              "_typeError": [Function],
              "_whitelist": RefSet {
                "list": Set {},
                "refs": Map {},
              },
              "tests": Array [
                [Function],
              ],
              "transforms": Array [
                [Function],
              ],
              "type": "string",
            },
            "currency": StringSchema {
              "_blacklist": RefSet {
                "list": Set {},
                "refs": Map {},
              },
              "_conditions": Array [],
              "_deps": Array [],
              "_exclusive": Object {
                "required": true,
              },
              "_mutate": undefined,
              "_options": Object {
                "abortEarly": true,
                "recursive": true,
              },
              "_type": "string",
              "_typeError": [Function],
              "_whitelist": RefSet {
                "list": Set {},
                "refs": Map {},
              },
              "tests": Array [
                [Function],
              ],
              "transforms": Array [
                [Function],
              ],
              "type": "string",
            },
            "purchaseDate": DateSchema {
              "_blacklist": RefSet {
                "list": Set {},
                "refs": Map {},
              },
              "_conditions": Array [],
              "_deps": Array [],
              "_exclusive": Object {
                "required": true,
              },
              "_mutate": undefined,
              "_options": Object {
                "abortEarly": true,
                "recursive": true,
              },
              "_type": "date",
              "_typeError": [Function],
              "_whitelist": RefSet {
                "list": Set {},
                "refs": Map {},
              },
              "tests": Array [
                [Function],
              ],
              "transforms": Array [
                [Function],
              ],
              "type": "date",
            },
            "vatRate": NumberSchema {
              "_blacklist": RefSet {
                "list": Set {},
                "refs": Map {},
              },
              "_conditions": Array [],
              "_deps": Array [],
              "_exclusive": Object {
                "required": true,
              },
              "_mutate": undefined,
              "_options": Object {
                "abortEarly": true,
                "recursive": true,
              },
              "_type": "number",
              "_typeError": [Function],
              "_whitelist": RefSet {
                "list": Set {},
                "refs": Map {},
              },
              "tests": Array [
                [Function],
              ],
              "transforms": Array [
                [Function],
              ],
              "type": "number",
            },
          },
          "tests": Array [],
          "transforms": Array [
            [Function],
          ],
          "type": "object",
        }
      }
    >
      <Component />
    </Formik>
  </Styled(View)>
</ScrollViewMock>
`;
